%!Adobe-FontList 1.14
%Locale:0x409

%BeginFont
Handler:DirectoryHandler
FontType:Invalid
OutlineFileName:E:\what's on\Font\dosis-regular-webfont.eot
FileModTime:4294967295
%EndFont

%BeginFont
Handler:DirectoryHandler
FontType:Invalid
OutlineFileName:E:\what's on\Font\dosis-regular-webfont.svg
FileModTime:4294967295
%EndFont

%BeginFont
Handler:DirectoryHandler
FontType:TrueType
FontName:Dosis-Regular
FamilyName:Dosis
StyleName:Regular
FullName:Dosis Regular
MenuName:Dosis
StyleBits:0
WritingScript:Roman
OutlineFileName:E:\what's on\Font\dosis-regular-webfont.ttf
DataFormat:sfntData
FileLength:77148
FileModTime:4294967295
WeightClass:400
WidthClass:5
AngleClass:0
%EndFont

%BeginFont
Handler:DirectoryHandler
FontType:Invalid
OutlineFileName:E:\what's on\Font\dosis-regular-webfont.woff
FileModTime:4294967295
%EndFont

%BeginFont
Handler:DirectoryHandler
FontType:Invalid
OutlineFileName:E:\what's on\Font\helveticaneuebd-webfont.eot
FileModTime:1377096180
%EndFont

%BeginFont
Handler:DirectoryHandler
FontType:Invalid
OutlineFileName:E:\what's on\Font\helveticaneuebd-webfont.svg
FileModTime:1377096180
%EndFont

%BeginFont
Handler:DirectoryHandler
FontType:TrueType
FontName:HelveticaNeueBold
FamilyName:HelveticaNeue
StyleName:Bold
FullName:HelveticaNeue Bold
MenuName:HelveticaNeue
StyleBits:2
WritingScript:Roman
OutlineFileName:E:\what's on\Font\helveticaneuebd-webfont.ttf
DataFormat:sfntData
FileLength:41072
FileModTime:1377096180
WeightClass:400
WidthClass:5
AngleClass:0
%EndFont

%BeginFont
Handler:DirectoryHandler
FontType:Invalid
OutlineFileName:E:\what's on\Font\helveticaneuebd-webfont.woff
FileModTime:1377096180
%EndFont

%BeginFont
Handler:DirectoryHandler
FontType:Invalid
OutlineFileName:E:\what's on\Font\helveticaneuebd-webfontd41d.eot
FileModTime:1377096180
%EndFont

%BeginFont
Handler:DirectoryHandler
FontType:Invalid
OutlineFileName:E:\what's on\Font\helveticaneuelt-webfont.eot
FileModTime:1377096180
%EndFont

%BeginFont
Handler:DirectoryHandler
FontType:Invalid
OutlineFileName:E:\what's on\Font\helveticaneuelt-webfont.svg
FileModTime:1377096180
%EndFont

%BeginFont
Handler:DirectoryHandler
FontType:TrueType
FontName:HelveticaNeueLight
FamilyName:HelveticaNeue
StyleName:Light
FullName:HelveticaNeue Light
MenuName:HelveticaNeue
StyleBits:0
WritingScript:Roman
OutlineFileName:E:\what's on\Font\helveticaneuelt-webfont.ttf
DataFormat:sfntData
FileLength:40968
FileModTime:1377096180
WeightClass:400
WidthClass:5
AngleClass:0
%EndFont

%BeginFont
Handler:DirectoryHandler
FontType:Invalid
OutlineFileName:E:\what's on\Font\helveticaneuelt-webfont.woff
FileModTime:1377096180
%EndFont

%BeginFont
Handler:DirectoryHandler
FontType:Invalid
OutlineFileName:E:\what's on\Font\helveticaneuelt-webfontd41d.eot
FileModTime:1377096180
%EndFont

%BeginFont
Handler:DirectoryHandler
FontType:Invalid
OutlineFileName:E:\what's on\Font\helveticaneuemed_1-webfont.eot
FileModTime:1377096180
%EndFont

%BeginFont
Handler:DirectoryHandler
FontType:Invalid
OutlineFileName:E:\what's on\Font\helveticaneuemed_1-webfont.svg
FileModTime:1377096180
%EndFont

%BeginFont
Handler:DirectoryHandler
FontType:TrueType
FontName:HelveticaNeueMedium
FamilyName:HelveticaNeue
StyleName:Medium
FullName:HelveticaNeue Medium
MenuName:HelveticaNeue
StyleBits:0
WritingScript:Roman
OutlineFileName:E:\what's on\Font\helveticaneuemed_1-webfont.ttf
DataFormat:sfntData
FileLength:41104
FileModTime:1377096180
WeightClass:400
WidthClass:5
AngleClass:0
%EndFont

%BeginFont
Handler:DirectoryHandler
FontType:Invalid
OutlineFileName:E:\what's on\Font\helveticaneuemed_1-webfont.woff
FileModTime:1377096180
%EndFont

%BeginFont
Handler:DirectoryHandler
FontType:Invalid
OutlineFileName:E:\what's on\Font\helveticaneuemed_1-webfontd41d.eot
FileModTime:1377096180
%EndFont

